// Jest Snapshot v1, https://goo.gl/fbAQLP

exports[`takes cartesian product 1`] = `
Array [
  Array [
    1,
    "foo",
    4,
  ],
  Array [
    1,
    "foo",
    5,
  ],
  Array [
    1,
    "foo",
    6,
  ],
  Array [
    1,
    "bar",
    4,
  ],
  Array [
    1,
    "bar",
    5,
  ],
  Array [
    1,
    "bar",
    6,
  ],
  Array [
    2,
    "foo",
    4,
  ],
  Array [
    2,
    "foo",
    5,
  ],
  Array [
    2,
    "foo",
    6,
  ],
  Array [
    2,
    "bar",
    4,
  ],
  Array [
    2,
    "bar",
    5,
  ],
  Array [
    2,
    "bar",
    6,
  ],
  Array [
    3,
    "foo",
    4,
  ],
  Array [
    3,
    "foo",
    5,
  ],
  Array [
    3,
    "foo",
    6,
  ],
  Array [
    3,
    "bar",
    4,
  ],
  Array [
    3,
    "bar",
    5,
  ],
  Array [
    3,
    "bar",
    6,
  ],
]
`;
